src/components/restaurant-map/RestaurantMap.tsx(524,9): error TS2657: JSX expressions must have one parent element.
src/components/restaurant-map/RestaurantMap.tsx(552,13): error TS17002: Expected corresponding JSX closing tag for 'section'.
src/components/restaurant-map/RestaurantMap.tsx(716,9): error TS1005: ')' expected.
src/components/restaurant-map/RestaurantMap.tsx(716,11): error TS17002: Expected corresponding JSX closing tag for 'div'.
src/components/restaurant-map/RestaurantMap.tsx(1246,5): error TS1128: Declaration or statement expected.
src/components/restaurant-map/RestaurantMap.tsx(1247,3): error TS1109: Expression expected.
src/components/restaurant-map/RestaurantMap.tsx(1248,1): error TS1128: Declaration or statement expected.
